2025-11-04 05:20:39 [INFO]   ======================================================================
2025-11-04 05:20:39 [INFO]   noScribe Standalone Transcription Test
2025-11-04 05:20:39 [INFO]   ======================================================================
2025-11-04 05:20:39 [INFO]   Platform: Darwin 24.6.0
2025-11-04 05:20:39 [INFO]   Python: 3.13.7
2025-11-04 05:20:39 [INFO]   
2025-11-04 05:20:39 [INFO]   Validating environment...
2025-11-04 05:20:39 [ERROR]  ❌ faster-whisper not installed
2025-11-04 05:20:39 [ERROR]  ❌ torch not installed
2025-11-04 05:20:39 [INFO]   ✓ ffmpeg available
2025-11-04 05:20:39 [ERROR]  Environment validation failed!
